
########## CASE helmholtz24pi  kappa=75.398 ##########
  [helmholtz24pi] SVSNN_accel seed=0 ...
     best L2=3.6234e-02 time=12.4s mem=89MB params=1170
  [helmholtz24pi] SVSNN_accel seed=1 ...
     best L2=3.4415e-02 time=10.6s mem=89MB params=1170
  [helmholtz24pi] SVSNN_accel seed=2 ...
     best L2=1.8780e-02 time=9.1s mem=89MB params=1170
  [helmholtz24pi] SVSNN_accel seed=3 ...
     best L2=9.0023e-03 time=9.4s mem=89MB params=1170
  [helmholtz24pi] SVSNN_accel seed=4 ...
     best L2=2.4328e-02 time=9.5s mem=89MB params=1170
  [helmholtz24pi] SPINN seed=0 ...
E0624 00:09:15.706483   12760 cuda_timer.cc:87] Delay kernel timed out: measured time has sub-optimal accuracy. There may be a missing warmup execution, please investigate in Nsight Systems.
     best L2=5.4612e-01 time=16.9s mem=141MB params=91136
  [helmholtz24pi] SPINN seed=1 ...
     best L2=6.8570e-01 time=13.7s mem=141MB params=91136
  [helmholtz24pi] SPINN seed=2 ...
     best L2=7.3880e-01 time=13.6s mem=141MB params=91136
  [helmholtz24pi] SPINN seed=3 ...
     best L2=6.2522e-01 time=13.9s mem=141MB params=91136
  [helmholtz24pi] SPINN seed=4 ...
     best L2=6.1527e-01 time=13.8s mem=141MB params=91136
  [helmholtz24pi] SIREN seed=0 ...
     best L2=8.9573e-01 time=25.9s mem=325MB params=82689
  [helmholtz24pi] SIREN seed=1 ...
     best L2=9.4258e-01 time=22.9s mem=325MB params=82689
  [helmholtz24pi] SIREN seed=2 ...
     best L2=9.1605e-01 time=22.9s mem=325MB params=82689
  [helmholtz24pi] SIREN seed=3 ...
     best L2=9.0364e-01 time=22.9s mem=325MB params=82689
  [helmholtz24pi] SIREN seed=4 ...
     best L2=9.5533e-01 time=22.9s mem=325MB params=82689
  [helmholtz24pi] FourierPINN seed=0 ...
     best L2=3.4627e-01 time=14.3s mem=325MB params=66177
  [helmholtz24pi] FourierPINN seed=1 ...
     best L2=5.4395e-01 time=14.2s mem=325MB params=66177
  [helmholtz24pi] FourierPINN seed=2 ...
     best L2=4.0502e-01 time=14.2s mem=325MB params=66177
  [helmholtz24pi] FourierPINN seed=3 ...
     best L2=4.5442e-01 time=14.3s mem=325MB params=66177
  [helmholtz24pi] FourierPINN seed=4 ...
     best L2=5.6994e-01 time=14.2s mem=325MB params=66177
  [helmholtz24pi] PINN seed=0 ...
     best L2=9.8608e-01 time=18.0s mem=325MB params=50049
  [helmholtz24pi] PINN seed=1 ...
     best L2=1.0002e+00 time=17.7s mem=325MB params=50049
  [helmholtz24pi] PINN seed=2 ...
     best L2=9.9148e-01 time=17.7s mem=325MB params=50049
  [helmholtz24pi] PINN seed=3 ...
     best L2=9.9942e-01 time=17.7s mem=325MB params=50049
  [helmholtz24pi] PINN seed=4 ...
     best L2=9.9772e-01 time=17.7s mem=325MB params=50049
  [helmholtz24pi] ClassicalSpectral seed=0 ...
     best L2=4.3635e-14 time=0.0s mem=325MB params=4096
  [SVD probe] cost=866.7ms r_eff=346 J shape=[1600, 3096]

########## CASE helmholtz48pi  kappa=150.796 ##########
  [helmholtz48pi] SVSNN_accel seed=0 ...
     best L2=3.1185e-03 time=14.1s mem=2698MB params=3096
  [helmholtz48pi] SVSNN_accel seed=1 ...
     best L2=1.1444e-02 time=12.1s mem=2698MB params=3096
  [helmholtz48pi] SVSNN_accel seed=2 ...
     best L2=1.2985e-02 time=12.1s mem=2698MB params=3096
  [helmholtz48pi] SVSNN_accel seed=3 ...
     best L2=5.6894e-03 time=13.7s mem=2698MB params=3096
  [helmholtz48pi] SVSNN_accel seed=4 ...
     best L2=7.8411e-03 time=13.1s mem=2698MB params=3096
  [helmholtz48pi] SPINN seed=0 ...
     best L2=1.4184e+00 time=14.8s mem=2698MB params=91136
  [helmholtz48pi] SPINN seed=1 ...
     best L2=1.5302e+00 time=14.7s mem=2698MB params=91136
  [helmholtz48pi] SPINN seed=2 ...
     best L2=1.3888e+00 time=13.2s mem=2698MB params=91136
  [helmholtz48pi] SPINN seed=3 ...
     best L2=1.4516e+00 time=15.7s mem=2698MB params=91136
  [helmholtz48pi] SPINN seed=4 ...
     best L2=1.4606e+00 time=13.7s mem=2698MB params=91136
  [helmholtz48pi] SIREN seed=0 ...
     best L2=9.8735e-01 time=22.7s mem=2698MB params=82689
  [helmholtz48pi] SIREN seed=1 ...
     best L2=1.0076e+00 time=22.8s mem=2698MB params=82689
  [helmholtz48pi] SIREN seed=2 ...
     best L2=1.0009e+00 time=22.8s mem=2698MB params=82689
  [helmholtz48pi] SIREN seed=3 ...
     best L2=1.0055e+00 time=22.8s mem=2698MB params=82689
  [helmholtz48pi] SIREN seed=4 ...
     best L2=9.9921e-01 time=22.8s mem=2698MB params=82689
  [helmholtz48pi] FourierPINN seed=0 ...
     best L2=8.1997e-01 time=14.1s mem=2698MB params=66177
  [helmholtz48pi] FourierPINN seed=1 ...
     best L2=9.6837e-01 time=14.2s mem=2698MB params=66177
  [helmholtz48pi] FourierPINN seed=2 ...
     best L2=9.0214e-01 time=14.2s mem=2698MB params=66177
  [helmholtz48pi] FourierPINN seed=3 ...
     best L2=8.5407e-01 time=14.1s mem=2698MB params=66177
  [helmholtz48pi] FourierPINN seed=4 ...
     best L2=9.7966e-01 time=14.2s mem=2698MB params=66177
  [helmholtz48pi] PINN seed=0 ...
     best L2=1.0002e+00 time=17.8s mem=2698MB params=50049
  [helmholtz48pi] PINN seed=1 ...
     best L2=1.0002e+00 time=17.7s mem=2698MB params=50049
  [helmholtz48pi] PINN seed=2 ...
     best L2=1.0003e+00 time=17.7s mem=2698MB params=50049
  [helmholtz48pi] PINN seed=3 ...
     best L2=1.0002e+00 time=17.7s mem=2698MB params=50049
  [helmholtz48pi] PINN seed=4 ...
     best L2=1.0005e+00 time=17.7s mem=2698MB params=50049
  [helmholtz48pi] ClassicalSpectral seed=0 ...
     best L2=1.3112e-13 time=0.0s mem=2698MB params=4096
  [SVD probe] cost=882.0ms r_eff=310 J shape=[1600, 3096]

Saved E1 results to /root/autodl-tmp/rebuttal_experiments/E1_fair_complete_comparison/saved_data
